218.247.253.221 - - [06/Dec/2017:16:46:14 +0800] "GET /index HTTP/1.1" 200 836 "http://47.94.98.6/login" "Mozilla/5.0 (Macintosh; Intel Mac OS X 10_13_1) AppleWebKit/537.36 (KHTML, like Gecko) Chrome/62.0.3202.94 Safari/537.36"
218.247.253.221 - - [06/Dec/2017:16:46:16 +0800] "GET /time HTTP/1.1" 200 1525 "http://47.94.98.6/index" "Mozilla/5.0 (Macintosh; Intel Mac OS X 10_13_1) AppleWebKit/537.36 (KHTML, like Gecko) Chrome/62.0.3202.94 Safari/537.36"
218.247.253.221 - - [06/Dec/2017:16:46:19 +0800] "GET /static/bootstrap/fonts/glyphicons-halflings-regular.woff HTTP/1.1" 304 0 "http://47.94.98.6/static/bootstrap/css/bootstrap.min.css" "Mozilla/5.0 (Macintosh; Intel Mac OS X 10_13_1) AppleWebKit/537.36 (KHTML, like Gecko) Chrome/62.0.3202.94 Safari/537.36"
218.247.253.221 - - [06/Dec/2017:16:46:19 +0800] "GET /static/bootstrap/fonts/glyphicons-halflings-regular.ttf HTTP/1.1" 304 0 "http://47.94.98.6/static/bootstrap/css/bootstrap.min.css" "Mozilla/5.0 (Macintosh; Intel Mac OS X 10_13_1) AppleWebKit/537.36 (KHTML, like Gecko) Chrome/62.0.3202.94 Safari/537.36"
218.247.253.221 - - [06/Dec/2017:16:46:22 +0800] "GET /index HTTP/1.1" 200 836 "http://47.94.98.6/time" "Mozilla/5.0 (Macintosh; Intel Mac OS X 10_13_1) AppleWebKit/537.36 (KHTML, like Gecko) Chrome/62.0.3202.94 Safari/537.36"
218.247.253.221 - - [06/Dec/2017:16:46:24 +0800] "GET /logout HTTP/1.1" 302 219 "http://47.94.98.6/index" "Mozilla/5.0 (Macintosh; Intel Mac OS X 10_13_1) AppleWebKit/537.36 (KHTML, like Gecko) Chrome/62.0.3202.94 Safari/537.36"
218.247.253.221 - - [06/Dec/2017:16:46:24 +0800] "GET /index HTTP/1.1" 200 656 "http://47.94.98.6/index" "Mozilla/5.0 (Macintosh; Intel Mac OS X 10_13_1) AppleWebKit/537.36 (KHTML, like Gecko) Chrome/62.0.3202.94 Safari/537.36"
218.247.253.221 - - [06/Dec/2017:16:46:25 +0800] "GET /login HTTP/1.1" 200 887 "http://47.94.98.6/index" "Mozilla/5.0 (Macintosh; Intel Mac OS X 10_13_1) AppleWebKit/537.36 (KHTML, like Gecko) Chrome/62.0.3202.94 Safari/537.36"
218.247.253.221 - - [06/Dec/2017:16:46:29 +0800] "POST /login HTTP/1.1" 302 215 "http://47.94.98.6/login" "Mozilla/5.0 (Macintosh; Intel Mac OS X 10_13_1) AppleWebKit/537.36 (KHTML, like Gecko) Chrome/62.0.3202.94 Safari/537.36"
218.247.253.221 - - [06/Dec/2017:16:46:29 +0800] "GET /adm HTTP/1.1" 200 1114 "http://47.94.98.6/login" "Mozilla/5.0 (Macintosh; Intel Mac OS X 10_13_1) AppleWebKit/537.36 (KHTML, like Gecko) Chrome/62.0.3202.94 Safari/537.36"
218.247.253.221 - - [06/Dec/2017:16:46:31 +0800] "GET /download/time.xls HTTP/1.1" 200 5632 "http://47.94.98.6/adm" "Mozilla/5.0 (Macintosh; Intel Mac OS X 10_13_1) AppleWebKit/537.36 (KHTML, like Gecko) Chrome/62.0.3202.94 Safari/537.36"
218.247.253.221 - - [06/Dec/2017:16:46:33 +0800] "GET /download/timeSum.xls HTTP/1.1" 200 5632 "http://47.94.98.6/adm" "Mozilla/5.0 (Macintosh; Intel Mac OS X 10_13_1) AppleWebKit/537.36 (KHTML, like Gecko) Chrome/62.0.3202.94 Safari/537.36"
218.247.253.221 - - [06/Dec/2017:16:47:08 +0800] "GET /login HTTP/1.1" 200 884 "-" "Mozilla/5.0 (Macintosh; Intel Mac OS X 10_13_1) AppleWebKit/537.36 (KHTML, like Gecko) Chrome/62.0.3202.94 Safari/537.36"
218.247.253.221 - - [06/Dec/2017:16:47:09 +0800] "GET /static/bootstrap/js/bootstrap.min.js HTTP/1.1" 304 0 "http://47.94.98.6/login" "Mozilla/5.0 (Macintosh; Intel Mac OS X 10_13_1) AppleWebKit/537.36 (KHTML, like Gecko) Chrome/62.0.3202.94 Safari/537.36"
218.247.253.221 - - [06/Dec/2017:16:47:09 +0800] "GET /static/jquery/jquery-1.8.3.min.js HTTP/1.1" 304 0 "http://47.94.98.6/login" "Mozilla/5.0 (Macintosh; Intel Mac OS X 10_13_1) AppleWebKit/537.36 (KHTML, like Gecko) Chrome/62.0.3202.94 Safari/537.36"
218.247.253.221 - - [06/Dec/2017:16:47:09 +0800] "GET /static/js/bootstrap-datetimepicker.js HTTP/1.1" 304 0 "http://47.94.98.6/login" "Mozilla/5.0 (Macintosh; Intel Mac OS X 10_13_1) AppleWebKit/537.36 (KHTML, like Gecko) Chrome/62.0.3202.94 Safari/537.36"
120.204.17.68 - - [06/Dec/2017:16:48:02 +0800] "GET / HTTP/1.1" 302 219 "-" "Mozilla/5.0 (iPhone; CPU iPhone OS 10_2_1 like Mac OS X) AppleWebKit/602.4.6 (KHTML, like Gecko) Mobile/14D27 MicroMessenger/6.5.5 NetType/WIFI Language/en"
120.204.17.68 - - [06/Dec/2017:16:48:03 +0800] "GET /login HTTP/1.1" 200 886 "http://47.94.98.6/" "Mozilla/5.0 (iPhone; CPU iPhone OS 10_2_1 like Mac OS X) AppleWebKit/602.4.6 (KHTML, like Gecko) Mobile/14D27 MicroMessenger/6.5.5 NetType/WIFI Language/en"
120.204.17.68 - - [06/Dec/2017:16:48:04 +0800] "GET /static/jquery/jquery-1.8.3.min.js HTTP/1.1" 200 93636 "http://47.94.98.6/login" "Mozilla/5.0 (Linux; Android 5.1.1; SM801 Build/LMY47V; wv) AppleWebKit/537.36 (KHTML, like Gecko) Version/4.0 Chrome/53.0.2785.49 Mobile MQQBrowser/6.2 TBS/043024 Safari/537.36 MicroMessenger/6.5.4.1000 NetType/4G Language/zh_CN"
120.204.17.68 - - [06/Dec/2017:16:48:06 +0800] "GET /static/bootstrap/js/bootstrap.min.js HTTP/1.1" 200 27726 "http://47.94.98.6/login" "Mozilla/5.0 (Windows NT 6.1; WOW64) AppleWebKit/537.36 (KHTML, like Gecko) Chrome/39.0.2171.95 Safari/537.36 MicroMessenger/6.5.2.501 NetType/WIFI WindowsWechat QBCore/3.43.27.400 QQBrowser/9.0.2524.400"
120.204.17.68 - - [06/Dec/2017:16:48:06 +0800] "GET /static/js/bootstrap-datetimepicker.js HTTP/1.1" 200 70746 "http://47.94.98.6/login" "Mozilla/5.0 (Linux; Android 4.4.4; HUAWEI ALE-CL00 Build/HuaweiALE-CL00; wv) AppleWebKit/537.36 (KHTML, like Gecko) Version/4.0 Chrome/53.0.2785.49 Mobile MQQBrowser/6.2 TBS/043024 Safari/537.36 MicroMessenger/6.5.4.1000 NetType/4G Language/zh_CN"
61.129.6.147 - - [06/Dec/2017:16:48:16 +0800] "GET /?nsukey=Mya%2FVYCW1kQ0nmQVP9EVhcbfYC2w1X3cZHpmmPRvjAPYkqTg6WBfW7pJJ%2FVZgf8a5KmMz07oYzVF9ayTqXR7BtyuXR%2F04WW6xK31nJBZBHQNyv1u4izNZ9RYBQFoDs1C7725dnjdy3OEV0u2%2FCZKhcYUdmBzXSMDiba%2B%2FLxV4p9O%2F%2BCduky2ItNAjzmGMOMhsNLJ8XirqULUJm86zTvM0w%3D%3D HTTP/1.1" 302 219 "-" "Mozilla/5.0 (Windows; U; Windows NT 5.1; en-US) AppleWebKit/534.13 (KHTML, like Gecko) Chrome/9.0.597.107 Safari/534.13"
61.129.6.147 - - [06/Dec/2017:16:48:17 +0800] "GET /login HTTP/1.1" 200 879 "http://47.94.98.6/?nsukey=Mya%2FVYCW1kQ0nmQVP9EVhcbfYC2w1X3cZHpmmPRvjAPYkqTg6WBfW7pJJ%2FVZgf8a5KmMz07oYzVF9ayTqXR7BtyuXR%2F04WW6xK31nJBZBHQNyv1u4izNZ9RYBQFoDs1C7725dnjdy3OEV0u2%2FCZKhcYUdmBzXSMDiba%2B%2FLxV4p9O%2F%2BCduky2ItNAjzmGMOMhsNLJ8XirqULUJm86zTvM0w%3D%3D" "Mozilla/5.0 (Windows; U; Windows NT 5.1; en-US) AppleWebKit/534.13 (KHTML, like Gecko) Chrome/9.0.597.107 Safari/534.13"
101.226.225.85 - - [06/Dec/2017:16:48:17 +0800] "GET /?nsukey=Mya%2FVYCW1kQ0nmQVP9EVhcbfYC2w1X3cZHpmmPRvjAPYkqTg6WBfW7pJJ%2FVZgf8a5KmMz07oYzVF9ayTqXR7BtyuXR%2F04WW6xK31nJBZBHQNyv1u4izNZ9RYBQFoDs1C7725dnjdy3OEV0u2%2FCZKhcYUdmBzXSMDiba%2B%2FLxV4p9O%2F%2BCduky2ItNAjzmGMOMhsNLJ8XirqULUJm86zTvM0w%3D%3D HTTP/1.1" 302 219 "-" "Mozilla/5.0 (Windows NT 6.1; WOW64) AppleWebKit/537.36 (KHTML, like Gecko) Chrome/46.0.2490.80 Safari/537.36"
61.129.6.147 - - [06/Dec/2017:16:48:17 +0800] "GET /login HTTP/1.1" 200 882 "-" "Mozilla/5.0 (Windows NT 6.1; WOW64) AppleWebKit/537.36 (KHTML, like Gecko) Chrome/46.0.2490.80 Safari/537.36"
101.226.226.221 - - [06/Dec/2017:16:48:17 +0800] "GET /static/css/bootstrap-datetimepicker.min.css HTTP/1.1" 200 11276 "http://47.94.98.6/login" "Mozilla/5.0 (Windows NT 6.1; WOW64) AppleWebKit/537.36 (KHTML, like Gecko) Chrome/46.0.2490.80 Safari/537.36"
61.129.8.179 - - [06/Dec/2017:16:48:17 +0800] "GET /static/bootstrap/js/bootstrap.min.js HTTP/1.1" 200 27726 "http://47.94.98.6/login" "Mozilla/5.0 (Windows NT 6.1; WOW64) AppleWebKit/537.36 (KHTML, like Gecko) Chrome/46.0.2490.80 Safari/537.36"
61.151.178.180 - - [06/Dec/2017:16:48:17 +0800] "GET /static/jquery/jquery-1.8.3.min.js HTTP/1.1" 200 93636 "http://47.94.98.6/login" "Mozilla/5.0 (Windows NT 6.1; WOW64) AppleWebKit/537.36 (KHTML, like Gecko) Chrome/46.0.2490.80 Safari/537.36"
61.151.179.27 - - [06/Dec/2017:16:48:18 +0800] "GET /static/js/bootstrap-datetimepicker.js HTTP/1.1" 200 70746 "http://47.94.98.6/login" "Mozilla/5.0 (Windows NT 6.1; WOW64) AppleWebKit/537.36 (KHTML, like Gecko) Chrome/46.0.2490.80 Safari/537.36"
61.129.10.43 - - [06/Dec/2017:16:48:18 +0800] "GET /static/bootstrap/css/bootstrap.min.css HTTP/1.1" 200 98725 "http://47.94.98.6/login" "Mozilla/5.0 (Windows NT 6.1; WOW64) AppleWebKit/537.36 (KHTML, like Gecko) Chrome/46.0.2490.80 Safari/537.36"
223.104.3.202 - - [06/Dec/2017:16:48:19 +0800] "GET /?nsukey=Mya%2FVYCW1kQ0nmQVP9EVhcbfYC2w1X3cZHpmmPRvjAPYkqTg6WBfW7pJJ%2FVZgf8a5KmMz07oYzVF9ayTqXR7BtyuXR%2F04WW6xK31nJBZBHQNyv1u4izNZ9RYBQFoDs1C7725dnjdy3OEV0u2%2FCZKhcYUdmBzXSMDiba%2B%2FLxV4p9O%2F%2BCduky2ItNAjzmGMOMhsNLJ8XirqULUJm86zTvM0w%3D%3D HTTP/1.1" 302 219 "-" "Mozilla/5.0 (Linux; Android 7.0; HUAWEI NXT-TL00 Build/HUAWEINXT-TL00; wv) AppleWebKit/537.36 (KHTML, like Gecko) Version/4.0 Chrome/57.0.2987.132 Mobile MQQBrowser/6.2 TBS/043722 Safari/537.36 MicroMessenger/6.5.22.1160 NetType/4G Language/zh_CN"
223.104.3.202 - - [06/Dec/2017:16:48:19 +0800] "GET /login HTTP/1.1" 200 890 "-" "Mozilla/5.0 (Linux; Android 7.0; HUAWEI NXT-TL00 Build/HUAWEINXT-TL00; wv) AppleWebKit/537.36 (KHTML, like Gecko) Version/4.0 Chrome/57.0.2987.132 Mobile MQQBrowser/6.2 TBS/043722 Safari/537.36 MicroMessenger/6.5.22.1160 NetType/4G Language/zh_CN"
223.104.3.202 - - [06/Dec/2017:16:48:19 +0800] "GET /static/bootstrap/css/bootstrap.min.css HTTP/1.1" 200 55018 "http://47.94.98.6/login" "Mozilla/5.0 (Linux; Android 7.0; HUAWEI NXT-TL00 Build/HUAWEINXT-TL00; wv) AppleWebKit/537.36 (KHTML, like Gecko) Version/4.0 Chrome/57.0.2987.132 Mobile MQQBrowser/6.2 TBS/043722 Safari/537.36 MicroMessenger/6.5.22.1160 NetType/4G Language/zh_CN"
223.104.3.202 - - [06/Dec/2017:16:48:19 +0800] "GET /favicon.ico HTTP/1.1" 404 209 "http://47.94.98.6/login" "Mozilla/5.0 (Linux; Android 7.0; HUAWEI NXT-TL00 Build/HUAWEINXT-TL00; wv) AppleWebKit/537.36 (KHTML, like Gecko) Version/4.0 Chrome/57.0.2987.132 Mobile MQQBrowser/6.2 TBS/043722 Safari/537.36 MicroMessenger/6.5.22.1160 NetType/4G Language/zh_CN"
223.104.3.202 - - [06/Dec/2017:16:48:19 +0800] "GET /favicon.ico HTTP/1.1" 404 209 "http://47.94.98.6/login" "Mozilla/5.0 (Linux; Android 7.0; HUAWEI NXT-TL00 Build/HUAWEINXT-TL00; wv) AppleWebKit/537.36 (KHTML, like Gecko) Version/4.0 Chrome/57.0.2987.132 Mobile MQQBrowser/6.2 TBS/043722 Safari/537.36 MicroMessenger/6.5.22.1160 NetType/4G Language/zh_CN"
14.116.133.171 - - [06/Dec/2017:16:48:25 +0800] "GET /login?nsukey=IMNYelEVLOkHHle8DvlSZjtFfSMT2rNO5tZ4bDkwcFMnytu4%2BOwvQMogK9qfcV5oWWd4Fg6ajRlbcyiHgPP%2BofCy%2Fc98mr%2B3vJbgYq1Me6VaHUrg93q7pO07K3SYXqHdD9pzMxGS0keTv5glCJlnaeD%2FaRPYqgCOF7kG0bwSYxIhDh2ezuLTcln7BoMz6vWThoLI8FJBNKNuUppQbOAC5A%3D%3D HTTP/1.1" 200 888 "-" "Mozilla/5.0 (Windows; U; Windows NT 5.1; en-US) AppleWebKit/534.13 (KHTML, like Gecko) Chrome/9.0.597.107 Safari/534.13"
183.3.226.234 - - [06/Dec/2017:16:48:25 +0800] "GET /login?nsukey=IMNYelEVLOkHHle8DvlSZjtFfSMT2rNO5tZ4bDkwcFMnytu4%2BOwvQMogK9qfcV5oWWd4Fg6ajRlbcyiHgPP%2BofCy%2Fc98mr%2B3vJbgYq1Me6VaHUrg93q7pO07K3SYXqHdD9pzMxGS0keTv5glCJlnaeD%2FaRPYqgCOF7kG0bwSYxIhDh2ezuLTcln7BoMz6vWThoLI8FJBNKNuUppQbOAC5A%3D%3D HTTP/1.1" 200 879 "-" "Mozilla/5.0 (Windows NT 6.1; WOW64) AppleWebKit/537.36 (KHTML, like Gecko) Chrome/46.0.2490.80 Safari/537.36"
14.116.137.166 - - [06/Dec/2017:16:48:25 +0800] "GET /static/css/bootstrap-datetimepicker.min.css HTTP/1.1" 200 11276 "http://47.94.98.6/login?nsukey=IMNYelEVLOkHHle8DvlSZjtFfSMT2rNO5tZ4bDkwcFMnytu4%2BOwvQMogK9qfcV5oWWd4Fg6ajRlbcyiHgPP%2BofCy%2Fc98mr%2B3vJbgYq1Me6VaHUrg93q7pO07K3SYXqHdD9pzMxGS0keTv5glCJlnaeD%2FaRPYqgCOF7kG0bwSYxIhDh2ezuLTcln7BoMz6vWThoLI8FJBNKNuUppQbOAC5A%3D%3D" "Mozilla/5.0 (Windows NT 6.1; WOW64) AppleWebKit/537.36 (KHTML, like Gecko) Chrome/46.0.2490.80 Safari/537.36"
113.96.219.248 - - [06/Dec/2017:16:48:25 +0800] "GET /static/bootstrap/js/bootstrap.min.js HTTP/1.1" 200 27726 "http://47.94.98.6/login?nsukey=IMNYelEVLOkHHle8DvlSZjtFfSMT2rNO5tZ4bDkwcFMnytu4%2BOwvQMogK9qfcV5oWWd4Fg6ajRlbcyiHgPP%2BofCy%2Fc98mr%2B3vJbgYq1Me6VaHUrg93q7pO07K3SYXqHdD9pzMxGS0keTv5glCJlnaeD%2FaRPYqgCOF7kG0bwSYxIhDh2ezuLTcln7BoMz6vWThoLI8FJBNKNuUppQbOAC5A%3D%3D" "Mozilla/5.0 (Windows NT 6.1; WOW64) AppleWebKit/537.36 (KHTML, like Gecko) Chrome/46.0.2490.80 Safari/537.36"
14.116.137.166 - - [06/Dec/2017:16:48:26 +0800] "GET /static/js/bootstrap-datetimepicker.js HTTP/1.1" 200 70746 "http://47.94.98.6/login?nsukey=IMNYelEVLOkHHle8DvlSZjtFfSMT2rNO5tZ4bDkwcFMnytu4%2BOwvQMogK9qfcV5oWWd4Fg6ajRlbcyiHgPP%2BofCy%2Fc98mr%2B3vJbgYq1Me6VaHUrg93q7pO07K3SYXqHdD9pzMxGS0keTv5glCJlnaeD%2FaRPYqgCOF7kG0bwSYxIhDh2ezuLTcln7BoMz6vWThoLI8FJBNKNuUppQbOAC5A%3D%3D" "Mozilla/5.0 (Windows NT 6.1; WOW64) AppleWebKit/537.36 (KHTML, like Gecko) Chrome/46.0.2490.80 Safari/537.36"
113.96.218.51 - - [06/Dec/2017:16:48:26 +0800] "GET /static/bootstrap/css/bootstrap.min.css HTTP/1.1" 200 98725 "http://47.94.98.6/login?nsukey=IMNYelEVLOkHHle8DvlSZjtFfSMT2rNO5tZ4bDkwcFMnytu4%2BOwvQMogK9qfcV5oWWd4Fg6ajRlbcyiHgPP%2BofCy%2Fc98mr%2B3vJbgYq1Me6VaHUrg93q7pO07K3SYXqHdD9pzMxGS0keTv5glCJlnaeD%2FaRPYqgCOF7kG0bwSYxIhDh2ezuLTcln7BoMz6vWThoLI8FJBNKNuUppQbOAC5A%3D%3D" "Mozilla/5.0 (Windows NT 6.1; WOW64) AppleWebKit/537.36 (KHTML, like Gecko) Chrome/46.0.2490.80 Safari/537.36"
183.3.227.102 - - [06/Dec/2017:16:48:26 +0800] "GET /static/jquery/jquery-1.8.3.min.js HTTP/1.1" 200 93636 "http://47.94.98.6/login?nsukey=IMNYelEVLOkHHle8DvlSZjtFfSMT2rNO5tZ4bDkwcFMnytu4%2BOwvQMogK9qfcV5oWWd4Fg6ajRlbcyiHgPP%2BofCy%2Fc98mr%2B3vJbgYq1Me6VaHUrg93q7pO07K3SYXqHdD9pzMxGS0keTv5glCJlnaeD%2FaRPYqgCOF7kG0bwSYxIhDh2ezuLTcln7BoMz6vWThoLI8FJBNKNuUppQbOAC5A%3D%3D" "Mozilla/5.0 (Windows NT 6.1; WOW64) AppleWebKit/537.36 (KHTML, like Gecko) Chrome/46.0.2490.80 Safari/537.36"
120.204.17.73 - - [06/Dec/2017:16:48:27 +0800] "GET /?nsukey=Mya%2FVYCW1kQ0nmQVP9EVhcbfYC2w1X3cZHpmmPRvjAPYkqTg6WBfW7pJJ%2FVZgf8a5KmMz07oYzVF9ayTqXR7BtyuXR%2F04WW6xK31nJBZBHQNyv1u4izNZ9RYBQFoDs1C7725dnjdy3OEV0u2%2FCZKhcYUdmBzXSMDiba%2B%2FLxV4p9O%2F%2BCduky2ItNAjzmGMOMhsNLJ8XirqULUJm86zTvM0w%3D%3D HTTP/1.1" 302 219 "-" "Mozilla/5.0 (Linux; Android 6.0.1; OPPO R9s Build/MMB29M) AppleWebKit/537.36 (KHTML, like Gecko) Version/4.0 Chrome/37.0.0.0 Mobile MQQBrowser/6.9 TBS/036906 Safari/537.36 MicroMessenger/6.5.4.1000 NetType/4G Language/zh_CN"
120.204.17.73 - - [06/Dec/2017:16:48:27 +0800] "GET /login HTTP/1.1" 200 888 "http://47.94.98.6/?nsukey=Mya%2FVYCW1kQ0nmQVP9EVhcbfYC2w1X3cZHpmmPRvjAPYkqTg6WBfW7pJJ%2FVZgf8a5KmMz07oYzVF9ayTqXR7BtyuXR%2F04WW6xK31nJBZBHQNyv1u4izNZ9RYBQFoDs1C7725dnjdy3OEV0u2%2FCZKhcYUdmBzXSMDiba%2B%2FLxV4p9O%2F%2BCduky2ItNAjzmGMOMhsNLJ8XirqULUJm86zTvM0w%3D%3D" "Mozilla/5.0 (Linux; Android 6.0.1; OPPO R9s Build/MMB29M) AppleWebKit/537.36 (KHTML, like Gecko) Version/4.0 Chrome/37.0.0.0 Mobile MQQBrowser/6.9 TBS/036906 Safari/537.36 MicroMessenger/6.5.4.1000 NetType/4G Language/zh_CN"
223.104.3.202 - - [06/Dec/2017:16:48:27 +0800] "GET /login?nsukey=IMNYelEVLOkHHle8DvlSZjtFfSMT2rNO5tZ4bDkwcFMnytu4%2BOwvQMogK9qfcV5oWWd4Fg6ajRlbcyiHgPP%2BofCy%2Fc98mr%2B3vJbgYq1Me6VaHUrg93q7pO07K3SYXqHdD9pzMxGS0keTv5glCJlnaeD%2FaRPYqgCOF7kG0bwSYxIhDh2ezuLTcln7BoMz6vWThoLI8FJBNKNuUppQbOAC5A%3D%3D HTTP/1.1" 200 890 "-" "Mozilla/5.0 (Linux; Android 7.0; HUAWEI NXT-TL00 Build/HUAWEINXT-TL00; wv) AppleWebKit/537.36 (KHTML, like Gecko) Version/4.0 Chrome/57.0.2987.132 Mobile MQQBrowser/6.2 TBS/043722 Safari/537.36 MicroMessenger/6.5.22.1160 NetType/4G Language/zh_CN"
223.104.3.202 - - [06/Dec/2017:16:48:27 +0800] "GET /static/css/bootstrap-datetimepicker.min.css HTTP/1.1" 200 11276 "http://47.94.98.6/login?nsukey=IMNYelEVLOkHHle8DvlSZjtFfSMT2rNO5tZ4bDkwcFMnytu4%2BOwvQMogK9qfcV5oWWd4Fg6ajRlbcyiHgPP%2BofCy%2Fc98mr%2B3vJbgYq1Me6VaHUrg93q7pO07K3SYXqHdD9pzMxGS0keTv5glCJlnaeD%2FaRPYqgCOF7kG0bwSYxIhDh2ezuLTcln7BoMz6vWThoLI8FJBNKNuUppQbOAC5A%3D%3D" "Mozilla/5.0 (Linux; Android 7.0; HUAWEI NXT-TL00 Build/HUAWEINXT-TL00; wv) AppleWebKit/537.36 (KHTML, like Gecko) Version/4.0 Chrome/57.0.2987.132 Mobile MQQBrowser/6.2 TBS/043722 Safari/537.36 MicroMessenger/6.5.22.1160 NetType/4G Language/zh_CN"
223.104.3.202 - - [06/Dec/2017:16:48:27 +0800] "GET /static/bootstrap/js/bootstrap.min.js HTTP/1.1" 200 27726 "http://47.94.98.6/login?nsukey=IMNYelEVLOkHHle8DvlSZjtFfSMT2rNO5tZ4bDkwcFMnytu4%2BOwvQMogK9qfcV5oWWd4Fg6ajRlbcyiHgPP%2BofCy%2Fc98mr%2B3vJbgYq1Me6VaHUrg93q7pO07K3SYXqHdD9pzMxGS0keTv5glCJlnaeD%2FaRPYqgCOF7kG0bwSYxIhDh2ezuLTcln7BoMz6vWThoLI8FJBNKNuUppQbOAC5A%3D%3D" "Mozilla/5.0 (Linux; Android 7.0; HUAWEI NXT-TL00 Build/HUAWEINXT-TL00; wv) AppleWebKit/537.36 (KHTML, like Gecko) Version/4.0 Chrome/57.0.2987.132 Mobile MQQBrowser/6.2 TBS/043722 Safari/537.36 MicroMessenger/6.5.22.1160 NetType/4G Language/zh_CN"
223.104.3.202 - - [06/Dec/2017:16:48:27 +0800] "GET /static/bootstrap/css/bootstrap.min.css HTTP/1.1" 200 98725 "http://47.94.98.6/login?nsukey=IMNYelEVLOkHHle8DvlSZjtFfSMT2rNO5tZ4bDkwcFMnytu4%2BOwvQMogK9qfcV5oWWd4Fg6ajRlbcyiHgPP%2BofCy%2Fc98mr%2B3vJbgYq1Me6VaHUrg93q7pO07K3SYXqHdD9pzMxGS0keTv5glCJlnaeD%2FaRPYqgCOF7kG0bwSYxIhDh2ezuLTcln7BoMz6vWThoLI8FJBNKNuUppQbOAC5A%3D%3D" "Mozilla/5.0 (Linux; Android 7.0; HUAWEI NXT-TL00 Build/HUAWEINXT-TL00; wv) AppleWebKit/537.36 (KHTML, like Gecko) Version/4.0 Chrome/57.0.2987.132 Mobile MQQBrowser/6.2 TBS/043722 Safari/537.36 MicroMessenger/6.5.22.1160 NetType/4G Language/zh_CN"
223.104.3.202 - - [06/Dec/2017:16:48:27 +0800] "GET /static/jquery/jquery-1.8.3.min.js HTTP/1.1" 200 93636 "http://47.94.98.6/login?nsukey=IMNYelEVLOkHHle8DvlSZjtFfSMT2rNO5tZ4bDkwcFMnytu4%2BOwvQMogK9qfcV5oWWd4Fg6ajRlbcyiHgPP%2BofCy%2Fc98mr%2B3vJbgYq1Me6VaHUrg93q7pO07K3SYXqHdD9pzMxGS0keTv5glCJlnaeD%2FaRPYqgCOF7kG0bwSYxIhDh2ezuLTcln7BoMz6vWThoLI8FJBNKNuUppQbOAC5A%3D%3D" "Mozilla/5.0 (Linux; Android 7.0; HUAWEI NXT-TL00 Build/HUAWEINXT-TL00; wv) AppleWebKit/537.36 (KHTML, like Gecko) Version/4.0 Chrome/57.0.2987.132 Mobile MQQBrowser/6.2 TBS/043722 Safari/537.36 MicroMessenger/6.5.22.1160 NetType/4G Language/zh_CN"
223.104.3.202 - - [06/Dec/2017:16:48:28 +0800] "GET /static/js/bootstrap-datetimepicker.js HTTP/1.1" 200 70746 "http://47.94.98.6/login?nsukey=IMNYelEVLOkHHle8DvlSZjtFfSMT2rNO5tZ4bDkwcFMnytu4%2BOwvQMogK9qfcV5oWWd4Fg6ajRlbcyiHgPP%2BofCy%2Fc98mr%2B3vJbgYq1Me6VaHUrg93q7pO07K3SYXqHdD9pzMxGS0keTv5glCJlnaeD%2FaRPYqgCOF7kG0bwSYxIhDh2ezuLTcln7BoMz6vWThoLI8FJBNKNuUppQbOAC5A%3D%3D" "Mozilla/5.0 (Linux; Android 7.0; HUAWEI NXT-TL00 Build/HUAWEINXT-TL00; wv) AppleWebKit/537.36 (KHTML, like Gecko) Version/4.0 Chrome/57.0.2987.132 Mobile MQQBrowser/6.2 TBS/043722 Safari/537.36 MicroMessenger/6.5.22.1160 NetType/4G Language/zh_CN"
120.204.17.73 - - [06/Dec/2017:16:48:28 +0800] "GET /static/jquery/jquery-1.8.3.min.js HTTP/1.1" 200 93636 "http://47.94.98.6/login" "Mozilla/5.0 (iPhone; CPU iPhone OS 10_2_1 like Mac OS X) AppleWebKit/602.4.6 (KHTML, like Gecko) Mobile/14D27 MicroMessenger/6.5.5 NetType/WIFI Language/zh_CN"
120.204.17.67 - - [06/Dec/2017:16:48:29 +0800] "GET /login HTTP/1.1" 200 887 "-" "Mozilla/5.0 (iPhone; CPU iPhone OS 10_2_1 like Mac OS X) AppleWebKit/602.4.6 (KHTML, like Gecko) Mobile/14D27 MicroMessenger/6.5.5 NetType/WIFI Language/zh_CN"
120.204.17.73 - - [06/Dec/2017:16:48:29 +0800] "GET /static/bootstrap/js/bootstrap.min.js HTTP/1.1" 200 27726 "http://47.94.98.6/login" "Mozilla/5.0 (iPhone; CPU iPhone OS 10_2_1 like Mac OS X) AppleWebKit/602.4.6 (KHTML, like Gecko) Mobile/14D27 MicroMessenger/6.5.5 NetType/WIFI Language/en"
120.204.17.73 - - [06/Dec/2017:16:48:30 +0800] "GET /static/js/bootstrap-datetimepicker.js HTTP/1.1" 200 70746 "http://47.94.98.6/login" "Mozilla/5.0 (Linux; Android 6.0.1; OPPO R9s Build/MMB29M) AppleWebKit/537.36 (KHTML, like Gecko) Version/4.0 Chrome/37.0.0.0 Mobile MQQBrowser/6.9 TBS/036906 Safari/537.36 MicroMessenger/6.5.4.1000 NetType/4G Language/zh_CN"
120.204.17.67 - - [06/Dec/2017:16:48:30 +0800] "GET /static/jquery/jquery-1.8.3.min.js HTTP/1.1" 200 93636 "http://47.94.98.6/login" "Mozilla/5.0 (iPhone; CPU iPhone OS 10_2_1 like Mac OS X) AppleWebKit/602.4.6 (KHTML, like Gecko) Mobile/14D27 MicroMessenger/6.5.5 NetType/WIFI Language/zh_CN"
120.204.17.67 - - [06/Dec/2017:16:48:31 +0800] "GET /static/bootstrap/js/bootstrap.min.js HTTP/1.1" 200 27726 "http://47.94.98.6/login" "Mozilla/5.0 (Linux; Android 6.0.1; OPPO R9s Build/MMB29M) AppleWebKit/537.36 (KHTML, like Gecko) Version/4.0 Chrome/37.0.0.0 Mobile MQQBrowser/6.9 TBS/036906 Safari/537.36 MicroMessenger/6.5.4.1000 NetType/4G Language/zh_CN"
120.204.17.67 - - [06/Dec/2017:16:48:31 +0800] "GET /static/js/bootstrap-datetimepicker.js HTTP/1.1" 200 70746 "http://47.94.98.6/login" "Mozilla/5.0 (Linux; Android 4.4.4; Coolpad Y82-520 Build/KTU84P) AppleWebKit/537.36 (KHTML, like Gecko) Version/4.0 Chrome/33.0.0.0 Mobile Safari/537.36 MicroMessenger/6.5.4.1000 NetType/4G Language/zh_CN"
120.204.17.46 - - [06/Dec/2017:16:48:35 +0800] "GET /login?nsukey=IMNYelEVLOkHHle8DvlSZjtFfSMT2rNO5tZ4bDkwcFMnytu4%2BOwvQMogK9qfcV5oWWd4Fg6ajRlbcyiHgPP%2BofCy%2Fc98mr%2B3vJbgYq1Me6VaHUrg93q7pO07K3SYXqHdD9pzMxGS0keTv5glCJlnaeD%2FaRPYqgCOF7kG0bwSYxIhDh2ezuLTcln7BoMz6vWThoLI8FJBNKNuUppQbOAC5A%3D%3D HTTP/1.1" 200 881 "-" "Mozilla/5.0 (Linux; Android 6.0.1; OPPO R9s Build/MMB29M) AppleWebKit/537.36 (KHTML, like Gecko) Version/4.0 Chrome/37.0.0.0 Mobile MQQBrowser/6.9 TBS/036906 Safari/537.36 MicroMessenger/6.5.4.1000 NetType/4G Language/zh_CN"
120.204.17.46 - - [06/Dec/2017:16:48:35 +0800] "GET /static/jquery/jquery-1.8.3.min.js HTTP/1.1" 200 93636 "http://47.94.98.6/login?nsukey=IMNYelEVLOkHHle8DvlSZjtFfSMT2rNO5tZ4bDkwcFMnytu4%2BOwvQMogK9qfcV5oWWd4Fg6ajRlbcyiHgPP%2BofCy%2Fc98mr%2B3vJbgYq1Me6VaHUrg93q7pO07K3SYXqHdD9pzMxGS0keTv5glCJlnaeD%2FaRPYqgCOF7kG0bwSYxIhDh2ezuLTcln7BoMz6vWThoLI8FJBNKNuUppQbOAC5A%3D%3D" "Mozilla/5.0 (Linux; Android 4.4.4; Coolpad Y82-520 Build/KTU84P) AppleWebKit/537.36 (KHTML, like Gecko) Version/4.0 Chrome/33.0.0.0 Mobile Safari/537.36 MicroMessenger/6.5.4.1000 NetType/4G Language/zh_CN"
120.204.17.46 - - [06/Dec/2017:16:48:36 +0800] "GET /static/bootstrap/js/bootstrap.min.js HTTP/1.1" 200 27726 "http://47.94.98.6/login?nsukey=IMNYelEVLOkHHle8DvlSZjtFfSMT2rNO5tZ4bDkwcFMnytu4%2BOwvQMogK9qfcV5oWWd4Fg6ajRlbcyiHgPP%2BofCy%2Fc98mr%2B3vJbgYq1Me6VaHUrg93q7pO07K3SYXqHdD9pzMxGS0keTv5glCJlnaeD%2FaRPYqgCOF7kG0bwSYxIhDh2ezuLTcln7BoMz6vWThoLI8FJBNKNuUppQbOAC5A%3D%3D" "Mozilla/5.0 (Windows NT 6.1; WOW64) AppleWebKit/537.36 (KHTML, like Gecko) Chrome/39.0.2171.95 Safari/537.36 MicroMessenger/6.5.2.501 NetType/WIFI WindowsWechat QBCore/3.43.27.400 QQBrowser/9.0.2524.400"
120.204.17.46 - - [06/Dec/2017:16:48:36 +0800] "GET /static/js/bootstrap-datetimepicker.js HTTP/1.1" 200 70746 "http://47.94.98.6/login?nsukey=IMNYelEVLOkHHle8DvlSZjtFfSMT2rNO5tZ4bDkwcFMnytu4%2BOwvQMogK9qfcV5oWWd4Fg6ajRlbcyiHgPP%2BofCy%2Fc98mr%2B3vJbgYq1Me6VaHUrg93q7pO07K3SYXqHdD9pzMxGS0keTv5glCJlnaeD%2FaRPYqgCOF7kG0bwSYxIhDh2ezuLTcln7BoMz6vWThoLI8FJBNKNuUppQbOAC5A%3D%3D" "Mozilla/5.0 (Linux; Android 6.0.1; OPPO R9s Build/MMB29M) AppleWebKit/537.36 (KHTML, like Gecko) Version/4.0 Chrome/37.0.0.0 Mobile MQQBrowser/6.9 TBS/036906 Safari/537.36 MicroMessenger/6.5.4.1000 NetType/4G Language/zh_CN"
218.247.253.155 - - [06/Dec/2017:16:48:39 +0800] "GET / HTTP/1.1" 302 219 "-" "Mozilla/5.0 (Windows NT 10.0; WOW64) AppleWebKit/537.36 (KHTML, like Gecko) Chrome/62.0.3202.94 Safari/537.36"
218.247.253.155 - - [06/Dec/2017:16:48:39 +0800] "GET /login HTTP/1.1" 200 889 "-" "Mozilla/5.0 (Windows NT 10.0; WOW64) AppleWebKit/537.36 (KHTML, like Gecko) Chrome/62.0.3202.94 Safari/537.36"
218.247.253.155 - - [06/Dec/2017:16:48:40 +0800] "GET /static/css/bootstrap-datetimepicker.min.css HTTP/1.1" 200 11276 "http://47.94.98.6/login" "Mozilla/5.0 (Windows NT 10.0; WOW64) AppleWebKit/537.36 (KHTML, like Gecko) Chrome/62.0.3202.94 Safari/537.36"
218.247.253.155 - - [06/Dec/2017:16:48:40 +0800] "GET /static/bootstrap/js/bootstrap.min.js HTTP/1.1" 200 27726 "http://47.94.98.6/login" "Mozilla/5.0 (Windows NT 10.0; WOW64) AppleWebKit/537.36 (KHTML, like Gecko) Chrome/62.0.3202.94 Safari/537.36"
218.247.253.155 - - [06/Dec/2017:16:48:40 +0800] "GET /static/bootstrap/css/bootstrap.min.css HTTP/1.1" 200 98725 "http://47.94.98.6/login" "Mozilla/5.0 (Windows NT 10.0; WOW64) AppleWebKit/537.36 (KHTML, like Gecko) Chrome/62.0.3202.94 Safari/537.36"
218.247.253.155 - - [06/Dec/2017:16:48:40 +0800] "GET /static/js/bootstrap-datetimepicker.js HTTP/1.1" 200 70746 "http://47.94.98.6/login" "Mozilla/5.0 (Windows NT 10.0; WOW64) AppleWebKit/537.36 (KHTML, like Gecko) Chrome/62.0.3202.94 Safari/537.36"
218.247.253.155 - - [06/Dec/2017:16:48:40 +0800] "GET /static/jquery/jquery-1.8.3.min.js HTTP/1.1" 200 93636 "http://47.94.98.6/login" "Mozilla/5.0 (Windows NT 10.0; WOW64) AppleWebKit/537.36 (KHTML, like Gecko) Chrome/62.0.3202.94 Safari/537.36"
218.247.253.155 - - [06/Dec/2017:16:48:43 +0800] "GET /favicon.ico HTTP/1.1" 404 209 "http://47.94.98.6/login" "Mozilla/5.0 (Windows NT 10.0; WOW64) AppleWebKit/537.36 (KHTML, like Gecko) Chrome/62.0.3202.94 Safari/537.36"
183.3.227.102 - - [06/Dec/2017:16:48:53 +0800] "GET /?nsukey=KyylAVgWNgk22tkeQK0uuLPqoF5e5lCY%2F%2Bf2xImIRY7kEnyzKITOMnaRid29HI6hFMl0Wib%2B4VV%2BpZnYsPx1WMFxZCJEPrI0qNt9%2Bz2fmDyVt4zbfgSTend8%2F3o%2FwttpoCTwAiSlDJlCjYwEhPG4erXhAPmZbVxIwlpjAifS72irDYkNOb298lKs2j0iTNWZ6tY0nlBAWnwsOP8CuJziKg%3D%3D HTTP/1.1" 302 219 "-" "Mozilla/5.0 (Windows; U; Windows NT 5.1; en-US) AppleWebKit/534.13 (KHTML, like Gecko) Chrome/9.0.597.107 Safari/534.13"
157.255.172.14 - - [06/Dec/2017:16:48:53 +0800] "GET / HTTP/1.1" 302 219 "-" "Mozilla/5.0 (Windows; U; Windows NT 5.1; zh-CN; rv:1.9b4) Gecko/2008030317 Firefox/3.0b4"
121.51.14.23 - - [06/Dec/2017:16:48:53 +0800] "GET / HTTP/1.1" 302 219 "-" "Mozilla/5.0 (Windows; U; Windows NT 5.1; zh-CN; rv:1.9b4) Gecko/2008030317 Firefox/3.0b4"
183.3.227.102 - - [06/Dec/2017:16:48:53 +0800] "GET /login HTTP/1.1" 200 883 "http://47.94.98.6/?nsukey=KyylAVgWNgk22tkeQK0uuLPqoF5e5lCY%2F%2Bf2xImIRY7kEnyzKITOMnaRid29HI6hFMl0Wib%2B4VV%2BpZnYsPx1WMFxZCJEPrI0qNt9%2Bz2fmDyVt4zbfgSTend8%2F3o%2FwttpoCTwAiSlDJlCjYwEhPG4erXhAPmZbVxIwlpjAifS72irDYkNOb298lKs2j0iTNWZ6tY0nlBAWnwsOP8CuJziKg%3D%3D" "Mozilla/5.0 (Windows; U; Windows NT 5.1; en-US) AppleWebKit/534.13 (KHTML, like Gecko) Chrome/9.0.597.107 Safari/534.13"
157.255.172.19 - - [06/Dec/2017:16:48:53 +0800] "GET / HTTP/1.1" 302 219 "-" "Mozilla/5.0 (Windows; U; Windows NT 5.1; zh-CN; rv:1.9b4) Gecko/2008030317 Firefox/3.0b4"
14.116.137.167 - - [06/Dec/2017:16:48:53 +0800] "GET /?nsukey=KyylAVgWNgk22tkeQK0uuLPqoF5e5lCY%2F%2Bf2xImIRY7kEnyzKITOMnaRid29HI6hFMl0Wib%2B4VV%2BpZnYsPx1WMFxZCJEPrI0qNt9%2Bz2fmDyVt4zbfgSTend8%2F3o%2FwttpoCTwAiSlDJlCjYwEhPG4erXhAPmZbVxIwlpjAifS72irDYkNOb298lKs2j0iTNWZ6tY0nlBAWnwsOP8CuJziKg%3D%3D HTTP/1.1" 302 219 "-" "Mozilla/5.0 (Windows NT 6.1; WOW64) AppleWebKit/537.36 (KHTML, like Gecko) Chrome/46.0.2490.80 Safari/537.36"
121.51.14.20 - - [06/Dec/2017:16:48:53 +0800] "GET / HTTP/1.1" 302 219 "-" "Mozilla/5.0 (Windows; U; Windows NT 5.1; zh-CN; rv:1.9b4) Gecko/2008030317 Firefox/3.0b4"
183.3.226.234 - - [06/Dec/2017:16:48:53 +0800] "GET /login HTTP/1.1" 200 886 "-" "Mozilla/5.0 (Windows NT 6.1; WOW64) AppleWebKit/537.36 (KHTML, like Gecko) Chrome/46.0.2490.80 Safari/537.36"
223.104.3.202 - - [06/Dec/2017:16:48:54 +0800] "GET /?nsukey=KyylAVgWNgk22tkeQK0uuLPqoF5e5lCY%2F%2Bf2xImIRY7kEnyzKITOMnaRid29HI6hFMl0Wib%2B4VV%2BpZnYsPx1WMFxZCJEPrI0qNt9%2Bz2fmDyVt4zbfgSTend8%2F3o%2FwttpoCTwAiSlDJlCjYwEhPG4erXhAPmZbVxIwlpjAifS72irDYkNOb298lKs2j0iTNWZ6tY0nlBAWnwsOP8CuJziKg%3D%3D HTTP/1.1" 302 219 "-" "Mozilla/5.0 (Linux; Android 7.0; HUAWEI NXT-TL00 Build/HUAWEINXT-TL00; wv) AppleWebKit/537.36 (KHTML, like Gecko) Version/4.0 Chrome/57.0.2987.132 Mobile MQQBrowser/6.2 TBS/043722 Safari/537.36 MicroMessenger/6.5.22.1160 NetType/4G Language/zh_CN"
223.104.3.202 - - [06/Dec/2017:16:48:54 +0800] "GET /login HTTP/1.1" 200 894 "-" "Mozilla/5.0 (Linux; Android 7.0; HUAWEI NXT-TL00 Build/HUAWEINXT-TL00; wv) AppleWebKit/537.36 (KHTML, like Gecko) Version/4.0 Chrome/57.0.2987.132 Mobile MQQBrowser/6.2 TBS/043722 Safari/537.36 MicroMessenger/6.5.22.1160 NetType/4G Language/zh_CN"
223.104.3.202 - - [06/Dec/2017:16:48:54 +0800] "GET /favicon.ico HTTP/1.1" 404 209 "http://47.94.98.6/login" "Mozilla/5.0 (Linux; Android 7.0; HUAWEI NXT-TL00 Build/HUAWEINXT-TL00; wv) AppleWebKit/537.36 (KHTML, like Gecko) Version/4.0 Chrome/57.0.2987.132 Mobile MQQBrowser/6.2 TBS/043722 Safari/537.36 MicroMessenger/6.5.22.1160 NetType/4G Language/zh_CN"
223.104.3.202 - - [06/Dec/2017:16:48:54 +0800] "GET /favicon.ico HTTP/1.1" 499 0 "http://47.94.98.6/login" "Mozilla/5.0 (Linux; Android 7.0; HUAWEI NXT-TL00 Build/HUAWEINXT-TL00; wv) AppleWebKit/537.36 (KHTML, like Gecko) Version/4.0 Chrome/57.0.2987.132 Mobile MQQBrowser/6.2 TBS/043722 Safari/537.36 MicroMessenger/6.5.22.1160 NetType/4G Language/zh_CN"
120.204.17.68 - - [06/Dec/2017:16:49:03 +0800] "GET /?nsukey=KyylAVgWNgk22tkeQK0uuLPqoF5e5lCY%2F%2Bf2xImIRY7kEnyzKITOMnaRid29HI6hFMl0Wib%2B4VV%2BpZnYsPx1WMFxZCJEPrI0qNt9%2Bz2fmDyVt4zbfgSTend8%2F3o%2FwttpoCTwAiSlDJlCjYwEhPG4erXhAPmZbVxIwlpjAifS72irDYkNOb298lKs2j0iTNWZ6tY0nlBAWnwsOP8CuJziKg%3D%3D HTTP/1.1" 302 219 "-" "Mozilla/5.0 (Windows NT 6.1; WOW64) AppleWebKit/537.36 (KHTML, like Gecko) Chrome/39.0.2171.95 Safari/537.36 MicroMessenger/6.5.2.501 NetType/WIFI WindowsWechat QBCore/3.43.27.400 QQBrowser/9.0.2524.400"
183.192.201.97 - - [06/Dec/2017:16:49:03 +0800] "GET /?nsukey=KyylAVgWNgk22tkeQK0uuLPqoF5e5lCY%2F%2Bf2xImIRY7kEnyzKITOMnaRid29HI6hFMl0Wib%2B4VV%2BpZnYsPx1WMFxZCJEPrI0qNt9%2Bz2fmDyVt4zbfgSTend8%2F3o%2FwttpoCTwAiSlDJlCjYwEhPG4erXhAPmZbVxIwlpjAifS72irDYkNOb298lKs2j0iTNWZ6tY0nlBAWnwsOP8CuJziKg%3D%3D HTTP/1.1" 302 219 "-" "Mozilla/5.0 (Linux; U; Android 6.0.1; zh-cn; OPPO R9s Build/MMB29M) AppleWebKit/537.36 (KHTML, like Gecko)Version/4.0 Chrome/37.0.0.0 MQQBrowser/7.2 Mobile Safari/537.36"
120.204.17.68 - - [06/Dec/2017:16:49:03 +0800] "GET /login HTTP/1.1" 200 884 "http://47.94.98.6/?nsukey=KyylAVgWNgk22tkeQK0uuLPqoF5e5lCY%2F%2Bf2xImIRY7kEnyzKITOMnaRid29HI6hFMl0Wib%2B4VV%2BpZnYsPx1WMFxZCJEPrI0qNt9%2Bz2fmDyVt4zbfgSTend8%2F3o%2FwttpoCTwAiSlDJlCjYwEhPG4erXhAPmZbVxIwlpjAifS72irDYkNOb298lKs2j0iTNWZ6tY0nlBAWnwsOP8CuJziKg%3D%3D" "Mozilla/5.0 (Windows NT 6.1; WOW64) AppleWebKit/537.36 (KHTML, like Gecko) Chrome/39.0.2171.95 Safari/537.36 MicroMessenger/6.5.2.501 NetType/WIFI WindowsWechat QBCore/3.43.27.400 QQBrowser/9.0.2524.400"
183.192.201.97 - - [06/Dec/2017:16:49:03 +0800] "GET /login HTTP/1.1" 200 878 "http://47.94.98.6/?nsukey=KyylAVgWNgk22tkeQK0uuLPqoF5e5lCY%2F%2Bf2xImIRY7kEnyzKITOMnaRid29HI6hFMl0Wib%2B4VV%2BpZnYsPx1WMFxZCJEPrI0qNt9%2Bz2fmDyVt4zbfgSTend8%2F3o%2FwttpoCTwAiSlDJlCjYwEhPG4erXhAPmZbVxIwlpjAifS72irDYkNOb298lKs2j0iTNWZ6tY0nlBAWnwsOP8CuJziKg%3D%3D" "Mozilla/5.0 (Linux; U; Android 6.0.1; zh-cn; OPPO R9s Build/MMB29M) AppleWebKit/537.36 (KHTML, like Gecko)Version/4.0 Chrome/37.0.0.0 MQQBrowser/7.2 Mobile Safari/537.36"
183.192.201.97 - - [06/Dec/2017:16:49:04 +0800] "GET /static/jquery/jquery-1.8.3.min.js HTTP/1.1" 200 93636 "http://47.94.98.6/login" "Mozilla/5.0 (Linux; U; Android 6.0.1; zh-cn; OPPO R9s Build/MMB29M) AppleWebKit/537.36 (KHTML, like Gecko) Version/4.0 Chrome/38.0.0.0 Mobile Safari/537.36 OppoBrowser/4.2.8"
120.204.17.68 - - [06/Dec/2017:16:49:04 +0800] "GET /static/jquery/jquery-1.8.3.min.js HTTP/1.1" 200 93636 "http://47.94.98.6/login" "Mozilla/5.0 (Linux; Android 5.1.1; SM801 Build/LMY47V; wv) AppleWebKit/537.36 (KHTML, like Gecko) Version/4.0 Chrome/53.0.2785.49 Mobile MQQBrowser/6.2 TBS/043024 Safari/537.36 MicroMessenger/6.5.4.1000 NetType/4G Language/zh_CN"
120.204.17.68 - - [06/Dec/2017:16:49:05 +0800] "GET /static/bootstrap/js/bootstrap.min.js HTTP/1.1" 200 27726 "http://47.94.98.6/login" "Mozilla/5.0 (iPhone; CPU iPhone OS 10_2_1 like Mac OS X) AppleWebKit/602.4.6 (KHTML, like Gecko) Mobile/14D27 MicroMessenger/6.5.5 NetType/WIFI Language/zh_CN"
183.192.201.97 - - [06/Dec/2017:16:49:05 +0800] "GET /static/bootstrap/js/bootstrap.min.js HTTP/1.1" 200 27726 "http://47.94.98.6/login" "Mozilla/5.0 (Linux; U; Android 6.0.1; zh-cn; OPPO R9s Build/MMB29M) AppleWebKit/537.36 (KHTML, like Gecko) Version/4.0 Chrome/38.0.0.0 Mobile Safari/537.36 OppoBrowser/4.2.8"
120.204.17.68 - - [06/Dec/2017:16:49:05 +0800] "GET /static/js/bootstrap-datetimepicker.js HTTP/1.1" 200 70746 "http://47.94.98.6/login" "Mozilla/5.0 (Windows NT 6.1; WOW64) AppleWebKit/537.36 (KHTML, like Gecko) Chrome/39.0.2171.95 Safari/537.36 MicroMessenger/6.5.2.501 NetType/WIFI WindowsWechat QBCore/3.43.27.400 QQBrowser/9.0.2524.400"
183.192.201.97 - - [06/Dec/2017:16:49:05 +0800] "GET /static/js/bootstrap-datetimepicker.js HTTP/1.1" 200 70746 "http://47.94.98.6/login" "Mozilla/5.0 (Linux; U; Android 6.0.1; zh-cn; OPPO R9s Build/MMB29M) AppleWebKit/537.36 (KHTML, like Gecko) Version/4.0 Chrome/38.0.0.0 Mobile Safari/537.36 OppoBrowser/4.2.8"
218.247.253.155 - - [06/Dec/2017:16:49:06 +0800] "POST /login HTTP/1.1" 302 219 "http://47.94.98.6/login" "Mozilla/5.0 (Windows NT 10.0; WOW64) AppleWebKit/537.36 (KHTML, like Gecko) Chrome/62.0.3202.94 Safari/537.36"
218.247.253.155 - - [06/Dec/2017:16:49:06 +0800] "GET /index HTTP/1.1" 200 927 "http://47.94.98.6/login" "Mozilla/5.0 (Windows NT 10.0; WOW64) AppleWebKit/537.36 (KHTML, like Gecko) Chrome/62.0.3202.94 Safari/537.36"
101.226.226.221 - - [06/Dec/2017:16:49:07 +0800] "GET /login?nsukey=PQcVv30R4zth5FpZp2bdh%2FvUloMxzI4SxnUk1jsqh0f42XCaddR8tC%2FCR%2BMbUB2yV6CcKgAsCZ7CTIVmYj4CwUSLp94vRMT%2Bs%2BMs5JFOzz%2FBxCL2J7MzFSmMpjYMAAOgkRVZGo%2BYnntv5MG37ADKOoecMSBjfLZBvNY2EuNznVvx8qySqP83%2F4pOPvp0LLBFs%2FPi5x6aX2kXzGP1lPg8wA%3D%3D HTTP/1.1" 200 878 "-" "Mozilla/5.0 (Windows; U; Windows NT 5.1; en-US) AppleWebKit/534.13 (KHTML, like Gecko) Chrome/9.0.597.107 Safari/534.13"
183.192.201.97 - - [06/Dec/2017:16:49:07 +0800] "GET / HTTP/1.1" 302 219 "-" "Mozilla/5.0 (Windows; U; Windows NT 5.1; zh-CN; rv:1.9b4) Gecko/2008030317 Firefox/3.0b4"
58.246.221.74 - - [06/Dec/2017:16:49:08 +0800] "GET / HTTP/1.1" 302 219 "-" "Mozilla/5.0 (Windows; U; Windows NT 5.1; zh-CN; rv:1.9b4) Gecko/2008030317 Firefox/3.0b4"
61.151.178.171 - - [06/Dec/2017:16:49:08 +0800] "GET /login?nsukey=PQcVv30R4zth5FpZp2bdh%2FvUloMxzI4SxnUk1jsqh0f42XCaddR8tC%2FCR%2BMbUB2yV6CcKgAsCZ7CTIVmYj4CwUSLp94vRMT%2Bs%2BMs5JFOzz%2FBxCL2J7MzFSmMpjYMAAOgkRVZGo%2BYnntv5MG37ADKOoecMSBjfLZBvNY2EuNznVvx8qySqP83%2F4pOPvp0LLBFs%2FPi5x6aX2kXzGP1lPg8wA%3D%3D HTTP/1.1" 200 885 "-" "Mozilla/5.0 (Windows NT 6.1; WOW64) AppleWebKit/537.36 (KHTML, like Gecko) Chrome/46.0.2490.80 Safari/537.36"
120.204.17.69 - - [06/Dec/2017:16:49:08 +0800] "GET / HTTP/1.1" 302 219 "-" "Mozilla/5.0 (Windows; U; Windows NT 5.1; zh-CN; rv:1.9b4) Gecko/2008030317 Firefox/3.0b4"
223.104.3.202 - - [06/Dec/2017:16:49:08 +0800] "GET /login?nsukey=PQcVv30R4zth5FpZp2bdh%2FvUloMxzI4SxnUk1jsqh0f42XCaddR8tC%2FCR%2BMbUB2yV6CcKgAsCZ7CTIVmYj4CwUSLp94vRMT%2Bs%2BMs5JFOzz%2FBxCL2J7MzFSmMpjYMAAOgkRVZGo%2BYnntv5MG37ADKOoecMSBjfLZBvNY2EuNznVvx8qySqP83%2F4pOPvp0LLBFs%2FPi5x6aX2kXzGP1lPg8wA%3D%3D HTTP/1.1" 200 890 "-" "Mozilla/5.0 (Linux; Android 7.0; HUAWEI NXT-TL00 Build/HUAWEINXT-TL00; wv) AppleWebKit/537.36 (KHTML, like Gecko) Version/4.0 Chrome/57.0.2987.132 Mobile MQQBrowser/6.2 TBS/043722 Safari/537.36 MicroMessenger/6.5.22.1160 NetType/4G Language/zh_CN"
183.192.201.97 - - [06/Dec/2017:16:49:17 +0800] "GET /login?nsukey=PQcVv30R4zth5FpZp2bdh%2FvUloMxzI4SxnUk1jsqh0f42XCaddR8tC%2FCR%2BMbUB2yV6CcKgAsCZ7CTIVmYj4CwUSLp94vRMT%2Bs%2BMs5JFOzz%2FBxCL2J7MzFSmMpjYMAAOgkRVZGo%2BYnntv5MG37ADKOoecMSBjfLZBvNY2EuNznVvx8qySqP83%2F4pOPvp0LLBFs%2FPi5x6aX2kXzGP1lPg8wA%3D%3D HTTP/1.1" 200 878 "-" "Mozilla/5.0 (Linux; Android 4.4.4; Coolpad Y82-520 Build/KTU84P) AppleWebKit/537.36 (KHTML, like Gecko) Version/4.0 Chrome/33.0.0.0 Mobile Safari/537.36 MicroMessenger/6.5.4.1000 NetType/4G Language/zh_CN"
120.204.17.73 - - [06/Dec/2017:16:49:17 +0800] "GET /login?nsukey=PQcVv30R4zth5FpZp2bdh%2FvUloMxzI4SxnUk1jsqh0f42XCaddR8tC%2FCR%2BMbUB2yV6CcKgAsCZ7CTIVmYj4CwUSLp94vRMT%2Bs%2BMs5JFOzz%2FBxCL2J7MzFSmMpjYMAAOgkRVZGo%2BYnntv5MG37ADKOoecMSBjfLZBvNY2EuNznVvx8qySqP83%2F4pOPvp0LLBFs%2FPi5x6aX2kXzGP1lPg8wA%3D%3D HTTP/1.1" 200 889 "-" "Mozilla/5.0 (Linux; U; Android 6.0.1; zh-cn; OPPO R9s Build/MMB29M) AppleWebKit/537.36 (KHTML, like Gecko) Version/4.0 Chrome/38.0.0.0 Mobile Safari/537.36 OppoBrowser/4.2.8"
183.192.201.97 - - [06/Dec/2017:16:49:17 +0800] "GET /static/jquery/jquery-1.8.3.min.js HTTP/1.1" 200 93636 "http://47.94.98.6/login?nsukey=PQcVv30R4zth5FpZp2bdh%2FvUloMxzI4SxnUk1jsqh0f42XCaddR8tC%2FCR%2BMbUB2yV6CcKgAsCZ7CTIVmYj4CwUSLp94vRMT%2Bs%2BMs5JFOzz%2FBxCL2J7MzFSmMpjYMAAOgkRVZGo%2BYnntv5MG37ADKOoecMSBjfLZBvNY2EuNznVvx8qySqP83%2F4pOPvp0LLBFs%2FPi5x6aX2kXzGP1lPg8wA%3D%3D" "Mozilla/5.0 (Linux; Android 5.1.1; SM801 Build/LMY47V; wv) AppleWebKit/537.36 (KHTML, like Gecko) Version/4.0 Chrome/53.0.2785.49 Mobile MQQBrowser/6.2 TBS/043024 Safari/537.36 MicroMessenger/6.5.4.1000 NetType/4G Language/zh_CN"
120.204.17.73 - - [06/Dec/2017:16:49:17 +0800] "GET /static/jquery/jquery-1.8.3.min.js HTTP/1.1" 200 93636 "http://47.94.98.6/login?nsukey=PQcVv30R4zth5FpZp2bdh%2FvUloMxzI4SxnUk1jsqh0f42XCaddR8tC%2FCR%2BMbUB2yV6CcKgAsCZ7CTIVmYj4CwUSLp94vRMT%2Bs%2BMs5JFOzz%2FBxCL2J7MzFSmMpjYMAAOgkRVZGo%2BYnntv5MG37ADKOoecMSBjfLZBvNY2EuNznVvx8qySqP83%2F4pOPvp0LLBFs%2FPi5x6aX2kXzGP1lPg8wA%3D%3D" "Mozilla/5.0 (Linux; U; Android 6.0.1; zh-cn; OPPO R9s Build/MMB29M) AppleWebKit/537.36 (KHTML, like Gecko) Version/4.0 Chrome/38.0.0.0 Mobile Safari/537.36 OppoBrowser/4.2.8"
183.192.201.97 - - [06/Dec/2017:16:49:17 +0800] "GET /static/bootstrap/js/bootstrap.min.js HTTP/1.1" 200 27726 "http://47.94.98.6/login?nsukey=PQcVv30R4zth5FpZp2bdh%2FvUloMxzI4SxnUk1jsqh0f42XCaddR8tC%2FCR%2BMbUB2yV6CcKgAsCZ7CTIVmYj4CwUSLp94vRMT%2Bs%2BMs5JFOzz%2FBxCL2J7MzFSmMpjYMAAOgkRVZGo%2BYnntv5MG37ADKOoecMSBjfLZBvNY2EuNznVvx8qySqP83%2F4pOPvp0LLBFs%2FPi5x6aX2kXzGP1lPg8wA%3D%3D" "Mozilla/5.0 (iPhone; CPU iPhone OS 10_2_1 like Mac OS X) AppleWebKit/602.4.6 (KHTML, like Gecko) Mobile/14D27 MicroMessenger/6.5.5 NetType/WIFI Language/en"
183.192.201.97 - - [06/Dec/2017:16:49:18 +0800] "GET /static/js/bootstrap-datetimepicker.js HTTP/1.1" 200 70746 "http://47.94.98.6/login?nsukey=PQcVv30R4zth5FpZp2bdh%2FvUloMxzI4SxnUk1jsqh0f42XCaddR8tC%2FCR%2BMbUB2yV6CcKgAsCZ7CTIVmYj4CwUSLp94vRMT%2Bs%2BMs5JFOzz%2FBxCL2J7MzFSmMpjYMAAOgkRVZGo%2BYnntv5MG37ADKOoecMSBjfLZBvNY2EuNznVvx8qySqP83%2F4pOPvp0LLBFs%2FPi5x6aX2kXzGP1lPg8wA%3D%3D" "Mozilla/5.0 (iPhone; CPU iPhone OS 10_2_1 like Mac OS X) AppleWebKit/602.4.6 (KHTML, like Gecko) Mobile/14D27 MicroMessenger/6.5.5 NetType/WIFI Language/zh_CN"
120.204.17.73 - - [06/Dec/2017:16:49:18 +0800] "GET /static/bootstrap/js/bootstrap.min.js HTTP/1.1" 200 27726 "http://47.94.98.6/login?nsukey=PQcVv30R4zth5FpZp2bdh%2FvUloMxzI4SxnUk1jsqh0f42XCaddR8tC%2FCR%2BMbUB2yV6CcKgAsCZ7CTIVmYj4CwUSLp94vRMT%2Bs%2BMs5JFOzz%2FBxCL2J7MzFSmMpjYMAAOgkRVZGo%2BYnntv5MG37ADKOoecMSBjfLZBvNY2EuNznVvx8qySqP83%2F4pOPvp0LLBFs%2FPi5x6aX2kXzGP1lPg8wA%3D%3D" "Mozilla/5.0 (Linux; U; Android 4.4.4; zh-CN; HUAWEI ALE-CL00 Build/HuaweiALE-CL00) AppleWebKit/537.36 (KHTML, like Gecko) Version/4.0 Chrome/40.0.2214.89 UCBrowser/11.3.0.907 Mobile Safari/537.36"
120.204.17.73 - - [06/Dec/2017:16:49:20 +0800] "GET /static/js/bootstrap-datetimepicker.js HTTP/1.1" 200 70746 "http://47.94.98.6/login?nsukey=PQcVv30R4zth5FpZp2bdh%2FvUloMxzI4SxnUk1jsqh0f42XCaddR8tC%2FCR%2BMbUB2yV6CcKgAsCZ7CTIVmYj4CwUSLp94vRMT%2Bs%2BMs5JFOzz%2FBxCL2J7MzFSmMpjYMAAOgkRVZGo%2BYnntv5MG37ADKOoecMSBjfLZBvNY2EuNznVvx8qySqP83%2F4pOPvp0LLBFs%2FPi5x6aX2kXzGP1lPg8wA%3D%3D" "Mozilla/5.0 (Linux; U; Android 6.0.1; zh-cn; OPPO R9s Build/MMB29M) AppleWebKit/537.36 (KHTML, like Gecko) Version/4.0 Chrome/38.0.0.0 Mobile Safari/537.36 OppoBrowser/4.2.8"
218.247.253.155 - - [06/Dec/2017:16:49:24 +0800] "GET /time HTTP/1.1" 200 1528 "http://47.94.98.6/index" "Mozilla/5.0 (Windows NT 10.0; WOW64) AppleWebKit/537.36 (KHTML, like Gecko) Chrome/62.0.3202.94 Safari/537.36"
223.104.3.202 - - [06/Dec/2017:16:49:29 +0800] "POST /login?nsukey=PQcVv30R4zth5FpZp2bdh%2FvUloMxzI4SxnUk1jsqh0f42XCaddR8tC%2FCR%2BMbUB2yV6CcKgAsCZ7CTIVmYj4CwUSLp94vRMT%2Bs%2BMs5JFOzz%2FBxCL2J7MzFSmMpjYMAAOgkRVZGo%2BYnntv5MG37ADKOoecMSBjfLZBvNY2EuNznVvx8qySqP83%2F4pOPvp0LLBFs%2FPi5x6aX2kXzGP1lPg8wA%3D%3D HTTP/1.1" 302 219 "http://47.94.98.6/login?nsukey=PQcVv30R4zth5FpZp2bdh%2FvUloMxzI4SxnUk1jsqh0f42XCaddR8tC%2FCR%2BMbUB2yV6CcKgAsCZ7CTIVmYj4CwUSLp94vRMT%2Bs%2BMs5JFOzz%2FBxCL2J7MzFSmMpjYMAAOgkRVZGo%2BYnntv5MG37ADKOoecMSBjfLZBvNY2EuNznVvx8qySqP83%2F4pOPvp0LLBFs%2FPi5x6aX2kXzGP1lPg8wA%3D%3D" "Mozilla/5.0 (Linux; Android 7.0; HUAWEI NXT-TL00 Build/HUAWEINXT-TL00; wv) AppleWebKit/537.36 (KHTML, like Gecko) Version/4.0 Chrome/57.0.2987.132 Mobile MQQBrowser/6.2 TBS/043722 Safari/537.36 MicroMessenger/6.5.22.1160 NetType/4G Language/zh_CN"
223.104.3.202 - - [06/Dec/2017:16:49:29 +0800] "GET /index HTTP/1.1" 200 927 "http://47.94.98.6/login?nsukey=PQcVv30R4zth5FpZp2bdh%2FvUloMxzI4SxnUk1jsqh0f42XCaddR8tC%2FCR%2BMbUB2yV6CcKgAsCZ7CTIVmYj4CwUSLp94vRMT%2Bs%2BMs5JFOzz%2FBxCL2J7MzFSmMpjYMAAOgkRVZGo%2BYnntv5MG37ADKOoecMSBjfLZBvNY2EuNznVvx8qySqP83%2F4pOPvp0LLBFs%2FPi5x6aX2kXzGP1lPg8wA%3D%3D" "Mozilla/5.0 (Linux; Android 7.0; HUAWEI NXT-TL00 Build/HUAWEINXT-TL00; wv) AppleWebKit/537.36 (KHTML, like Gecko) Version/4.0 Chrome/57.0.2987.132 Mobile MQQBrowser/6.2 TBS/043722 Safari/537.36 MicroMessenger/6.5.22.1160 NetType/4G Language/zh_CN"
223.104.3.202 - - [06/Dec/2017:16:49:29 +0800] "GET /favicon.ico HTTP/1.1" 404 209 "http://47.94.98.6/index" "Mozilla/5.0 (Linux; Android 7.0; HUAWEI NXT-TL00 Build/HUAWEINXT-TL00; wv) AppleWebKit/537.36 (KHTML, like Gecko) Version/4.0 Chrome/57.0.2987.132 Mobile MQQBrowser/6.2 TBS/043722 Safari/537.36 MicroMessenger/6.5.22.1160 NetType/4G Language/zh_CN"
14.116.133.169 - - [06/Dec/2017:16:49:34 +0800] "GET /index?nsukey=ZLHuh63UZZtuXhVS7oNbH9M1oiytXnaHxpRy3oCSgHHUWNQOrJ2wnIdjp1hDSXHIjqJZQ1pTtL1yQCmKL%2FjnDHV48WHXOqggsFsQLCqqP2xDJB3OyCHyvnuIw4KK%2B2XFN7kUQ0i1T2kQYJAXzQkayNXg75CJnBoWCLYSx9BKBvx2n4b0vs1cKIUQ4bAvxA%2F%2BFuYa%2BC3amDBONYraXkuxFA%3D%3D HTTP/1.1" 200 656 "-" "Mozilla/5.0 (Windows; U; Windows NT 5.1; en-US) AppleWebKit/534.13 (KHTML, like Gecko) Chrome/9.0.597.107 Safari/534.13"
14.116.133.168 - - [06/Dec/2017:16:49:34 +0800] "GET /index?nsukey=ZLHuh63UZZtuXhVS7oNbH9M1oiytXnaHxpRy3oCSgHHUWNQOrJ2wnIdjp1hDSXHIjqJZQ1pTtL1yQCmKL%2FjnDHV48WHXOqggsFsQLCqqP2xDJB3OyCHyvnuIw4KK%2B2XFN7kUQ0i1T2kQYJAXzQkayNXg75CJnBoWCLYSx9BKBvx2n4b0vs1cKIUQ4bAvxA%2F%2BFuYa%2BC3amDBONYraXkuxFA%3D%3D HTTP/1.1" 200 656 "-" "Mozilla/5.0 (Windows NT 6.1; WOW64) AppleWebKit/537.36 (KHTML, like Gecko) Chrome/46.0.2490.80 Safari/537.36"
223.104.3.202 - - [06/Dec/2017:16:49:35 +0800] "GET /index?nsukey=ZLHuh63UZZtuXhVS7oNbH9M1oiytXnaHxpRy3oCSgHHUWNQOrJ2wnIdjp1hDSXHIjqJZQ1pTtL1yQCmKL%2FjnDHV48WHXOqggsFsQLCqqP2xDJB3OyCHyvnuIw4KK%2B2XFN7kUQ0i1T2kQYJAXzQkayNXg75CJnBoWCLYSx9BKBvx2n4b0vs1cKIUQ4bAvxA%2F%2BFuYa%2BC3amDBONYraXkuxFA%3D%3D HTTP/1.1" 200 927 "-" "Mozilla/5.0 (Linux; Android 7.0; HUAWEI NXT-TL00 Build/HUAWEINXT-TL00; wv) AppleWebKit/537.36 (KHTML, like Gecko) Version/4.0 Chrome/57.0.2987.132 Mobile MQQBrowser/6.2 TBS/043722 Safari/537.36 MicroMessenger/6.5.22.1160 NetType/4G Language/zh_CN"
218.247.253.155 - - [06/Dec/2017:16:49:36 +0800] "GET /login HTTP/1.1" 200 884 "-" "Mozilla/5.0 (Windows NT 10.0; WOW64) AppleWebKit/537.36 (KHTML, like Gecko) Chrome/62.0.3202.94 Safari/537.36"
120.204.17.70 - - [06/Dec/2017:16:49:39 +0800] "GET /index HTTP/1.1" 200 656 "-" "Mozilla/5.0 (iPhone; CPU iPhone OS 10_2_1 like Mac OS X) AppleWebKit/602.4.6 (KHTML, like Gecko) Mobile/14D27 MicroMessenger/6.5.5 NetType/WIFI Language/zh_CN"
120.204.17.70 - - [06/Dec/2017:16:49:39 +0800] "GET /static/jquery/jquery-1.8.3.min.js HTTP/1.1" 200 93636 "http://47.94.98.6/index" "Mozilla/5.0 (Linux; Android 4.4.4; HUAWEI ALE-CL00 Build/HuaweiALE-CL00; wv) AppleWebKit/537.36 (KHTML, like Gecko) Version/4.0 Chrome/53.0.2785.49 Mobile MQQBrowser/6.2 TBS/043024 Safari/537.36 MicroMessenger/6.5.4.1000 NetType/4G Language/zh_CN"
120.204.17.70 - - [06/Dec/2017:16:49:40 +0800] "GET /static/bootstrap/js/bootstrap.min.js HTTP/1.1" 200 27726 "http://47.94.98.6/index" "Mozilla/5.0 (Linux; Android 4.4.4; Coolpad Y82-520 Build/KTU84P) AppleWebKit/537.36 (KHTML, like Gecko) Version/4.0 Chrome/33.0.0.0 Mobile Safari/537.36 MicroMessenger/6.5.4.1000 NetType/4G Language/zh_CN"
120.204.17.70 - - [06/Dec/2017:16:49:40 +0800] "GET /static/js/bootstrap-datetimepicker.js HTTP/1.1" 200 70746 "http://47.94.98.6/index" "Mozilla/5.0 (iPhone; CPU iPhone OS 10_2_1 like Mac OS X) AppleWebKit/602.4.6 (KHTML, like Gecko) Mobile/14D27 MicroMessenger/6.5.5 NetType/WIFI Language/zh_CN"
120.204.17.70 - - [06/Dec/2017:16:49:43 +0800] "GET /index?nsukey=ZLHuh63UZZtuXhVS7oNbH9M1oiytXnaHxpRy3oCSgHHUWNQOrJ2wnIdjp1hDSXHIjqJZQ1pTtL1yQCmKL%2FjnDHV48WHXOqggsFsQLCqqP2xDJB3OyCHyvnuIw4KK%2B2XFN7kUQ0i1T2kQYJAXzQkayNXg75CJnBoWCLYSx9BKBvx2n4b0vs1cKIUQ4bAvxA%2F%2BFuYa%2BC3amDBONYraXkuxFA%3D%3D HTTP/1.1" 200 656 "-" "Mozilla/5.0 (Linux; Android 5.1.1; SM801 Build/LMY47V; wv) AppleWebKit/537.36 (KHTML, like Gecko) Version/4.0 Chrome/53.0.2785.49 Mobile MQQBrowser/6.2 TBS/043024 Safari/537.36 MicroMessenger/6.5.4.1000 NetType/4G Language/zh_CN"
120.204.17.70 - - [06/Dec/2017:16:49:44 +0800] "GET /static/jquery/jquery-1.8.3.min.js HTTP/1.1" 200 93636 "http://47.94.98.6/index?nsukey=ZLHuh63UZZtuXhVS7oNbH9M1oiytXnaHxpRy3oCSgHHUWNQOrJ2wnIdjp1hDSXHIjqJZQ1pTtL1yQCmKL%2FjnDHV48WHXOqggsFsQLCqqP2xDJB3OyCHyvnuIw4KK%2B2XFN7kUQ0i1T2kQYJAXzQkayNXg75CJnBoWCLYSx9BKBvx2n4b0vs1cKIUQ4bAvxA%2F%2BFuYa%2BC3amDBONYraXkuxFA%3D%3D" "Mozilla/5.0 (Linux; Android 4.4.4; Coolpad Y82-520 Build/KTU84P) AppleWebKit/537.36 (KHTML, like Gecko) Version/4.0 Chrome/33.0.0.0 Mobile Safari/537.36 MicroMessenger/6.5.4.1000 NetType/4G Language/zh_CN"
218.247.253.155 - - [06/Dec/2017:16:49:44 +0800] "POST /login HTTP/1.1" 302 215 "http://47.94.98.6/login" "Mozilla/5.0 (Windows NT 10.0; WOW64) AppleWebKit/537.36 (KHTML, like Gecko) Chrome/62.0.3202.94 Safari/537.36"
218.247.253.155 - - [06/Dec/2017:16:49:44 +0800] "GET /adm HTTP/1.1" 200 1114 "http://47.94.98.6/login" "Mozilla/5.0 (Windows NT 10.0; WOW64) AppleWebKit/537.36 (KHTML, like Gecko) Chrome/62.0.3202.94 Safari/537.36"
120.204.17.70 - - [06/Dec/2017:16:49:47 +0800] "GET /static/bootstrap/js/bootstrap.min.js HTTP/1.1" 200 27726 "http://47.94.98.6/index?nsukey=ZLHuh63UZZtuXhVS7oNbH9M1oiytXnaHxpRy3oCSgHHUWNQOrJ2wnIdjp1hDSXHIjqJZQ1pTtL1yQCmKL%2FjnDHV48WHXOqggsFsQLCqqP2xDJB3OyCHyvnuIw4KK%2B2XFN7kUQ0i1T2kQYJAXzQkayNXg75CJnBoWCLYSx9BKBvx2n4b0vs1cKIUQ4bAvxA%2F%2BFuYa%2BC3amDBONYraXkuxFA%3D%3D" "Mozilla/5.0 (Linux; Android 4.4.4; HUAWEI ALE-CL00 Build/HuaweiALE-CL00; wv) AppleWebKit/537.36 (KHTML, like Gecko) Version/4.0 Chrome/53.0.2785.49 Mobile MQQBrowser/6.2 TBS/043024 Safari/537.36 MicroMessenger/6.5.4.1000 NetType/4G Language/zh_CN"
120.204.17.70 - - [06/Dec/2017:16:49:47 +0800] "GET /static/js/bootstrap-datetimepicker.js HTTP/1.1" 200 70746 "http://47.94.98.6/index?nsukey=ZLHuh63UZZtuXhVS7oNbH9M1oiytXnaHxpRy3oCSgHHUWNQOrJ2wnIdjp1hDSXHIjqJZQ1pTtL1yQCmKL%2FjnDHV48WHXOqggsFsQLCqqP2xDJB3OyCHyvnuIw4KK%2B2XFN7kUQ0i1T2kQYJAXzQkayNXg75CJnBoWCLYSx9BKBvx2n4b0vs1cKIUQ4bAvxA%2F%2BFuYa%2BC3amDBONYraXkuxFA%3D%3D" "Mozilla/5.0 (Linux; Android 4.4.4; HUAWEI ALE-CL00 Build/HuaweiALE-CL00; wv) AppleWebKit/537.36 (KHTML, like Gecko) Version/4.0 Chrome/53.0.2785.49 Mobile MQQBrowser/6.2 TBS/043024 Safari/537.36 MicroMessenger/6.5.4.1000 NetType/4G Language/zh_CN"
218.247.253.155 - - [06/Dec/2017:16:49:51 +0800] "GET /download/time.xls HTTP/1.1" 200 5632 "http://47.94.98.6/adm" "Mozilla/5.0 (Windows NT 10.0; WOW64) AppleWebKit/537.36 (KHTML, like Gecko) Chrome/62.0.3202.94 Safari/537.36"
223.104.3.202 - - [06/Dec/2017:16:50:40 +0800] "GET /time HTTP/1.1" 200 1529 "http://47.94.98.6/index?nsukey=ZLHuh63UZZtuXhVS7oNbH9M1oiytXnaHxpRy3oCSgHHUWNQOrJ2wnIdjp1hDSXHIjqJZQ1pTtL1yQCmKL%2FjnDHV48WHXOqggsFsQLCqqP2xDJB3OyCHyvnuIw4KK%2B2XFN7kUQ0i1T2kQYJAXzQkayNXg75CJnBoWCLYSx9BKBvx2n4b0vs1cKIUQ4bAvxA%2F%2BFuYa%2BC3amDBONYraXkuxFA%3D%3D" "Mozilla/5.0 (Linux; Android 7.0; HUAWEI NXT-TL00 Build/HUAWEINXT-TL00; wv) AppleWebKit/537.36 (KHTML, like Gecko) Version/4.0 Chrome/57.0.2987.132 Mobile MQQBrowser/6.2 TBS/043722 Safari/537.36 MicroMessenger/6.5.22.1160 NetType/4G Language/zh_CN"
223.104.3.202 - - [06/Dec/2017:16:50:42 +0800] "GET /time HTTP/1.1" 200 1529 "http://47.94.98.6/index?nsukey=ZLHuh63UZZtuXhVS7oNbH9M1oiytXnaHxpRy3oCSgHHUWNQOrJ2wnIdjp1hDSXHIjqJZQ1pTtL1yQCmKL%2FjnDHV48WHXOqggsFsQLCqqP2xDJB3OyCHyvnuIw4KK%2B2XFN7kUQ0i1T2kQYJAXzQkayNXg75CJnBoWCLYSx9BKBvx2n4b0vs1cKIUQ4bAvxA%2F%2BFuYa%2BC3amDBONYraXkuxFA%3D%3D" "Mozilla/5.0 (Linux; Android 7.0; HUAWEI NXT-TL00 Build/HUAWEINXT-TL00; wv) AppleWebKit/537.36 (KHTML, like Gecko) Version/4.0 Chrome/57.0.2987.132 Mobile MQQBrowser/6.2 TBS/043722 Safari/537.36 MicroMessenger/6.5.22.1160 NetType/4G Language/zh_CN"
223.104.3.202 - - [06/Dec/2017:16:50:43 +0800] "GET /index?nsukey=ZLHuh63UZZtuXhVS7oNbH9M1oiytXnaHxpRy3oCSgHHUWNQOrJ2wnIdjp1hDSXHIjqJZQ1pTtL1yQCmKL%2FjnDHV48WHXOqggsFsQLCqqP2xDJB3OyCHyvnuIw4KK%2B2XFN7kUQ0i1T2kQYJAXzQkayNXg75CJnBoWCLYSx9BKBvx2n4b0vs1cKIUQ4bAvxA%2F%2BFuYa%2BC3amDBONYraXkuxFA%3D%3D HTTP/1.1" 200 927 "-" "Mozilla/5.0 (Linux; Android 7.0; HUAWEI NXT-TL00 Build/HUAWEINXT-TL00; wv) AppleWebKit/537.36 (KHTML, like Gecko) Version/4.0 Chrome/57.0.2987.132 Mobile MQQBrowser/6.2 TBS/043722 Safari/537.36 MicroMessenger/6.5.22.1160 NetType/4G Language/zh_CN"
223.104.3.202 - - [06/Dec/2017:16:50:45 +0800] "GET /time HTTP/1.1" 200 1528 "http://47.94.98.6/index?nsukey=ZLHuh63UZZtuXhVS7oNbH9M1oiytXnaHxpRy3oCSgHHUWNQOrJ2wnIdjp1hDSXHIjqJZQ1pTtL1yQCmKL%2FjnDHV48WHXOqggsFsQLCqqP2xDJB3OyCHyvnuIw4KK%2B2XFN7kUQ0i1T2kQYJAXzQkayNXg75CJnBoWCLYSx9BKBvx2n4b0vs1cKIUQ4bAvxA%2F%2BFuYa%2BC3amDBONYraXkuxFA%3D%3D" "Mozilla/5.0 (Linux; Android 7.0; HUAWEI NXT-TL00 Build/HUAWEINXT-TL00; wv) AppleWebKit/537.36 (KHTML, like Gecko) Version/4.0 Chrome/57.0.2987.132 Mobile MQQBrowser/6.2 TBS/043722 Safari/537.36 MicroMessenger/6.5.22.1160 NetType/4G Language/zh_CN"
183.192.201.97 - - [06/Dec/2017:16:50:50 +0800] "GET /time HTTP/1.1" 500 291 "-" "Mozilla/5.0 (iPhone; CPU iPhone OS 10_2_1 like Mac OS X) AppleWebKit/602.4.6 (KHTML, like Gecko) Mobile/14D27 MicroMessenger/6.5.5 NetType/WIFI Language/zh_CN"
